// Jest Snapshot v1, https://goo.gl/fbAQLP

exports[`Component: button component should match the snapshot 1`] = `
<button
  class="buttonBase primary"
>
  This is a Button
</button>
`;
