// Jest Snapshot v1, https://goo.gl/fbAQLP

exports[`Component: header component should match the snapshot 1`] = `
<header
  class="header"
  data-testid="testingHeader"
>
  <a
    href="/"
  >
    <p
      class="title"
    >
      React Weather
    </p>
  </a>
</header>
`;
